// Jest Snapshot v1, https://goo.gl/fbAQLP

exports[`Card basic 1`] = `
<div>
  <taro-view-core
    class="mx-card"
  />
</div>
`;
